2026-07-25 07:40:09 | WhatsApp to 7904538655: 🛍️ New Order #0015 on SM Stores!
Customer: Siva Balaji
Items: Aashirvaad Wheat Flour (1kg) x2, Manna Badam Mix x1, Horlicks (500g) x1, Boost (500g) x1, Pillsbury Cake Mix (750g) x1, India Gate Basmati Tibar (15kg) x1, Swami Ayyappa Ponni (26kg) x1, Kinder Joy x1, Kimia Dates (500g) x1, Saaral Seeraga Samba (26kg) x1, GRB Ghee (500ml) x1, Clinic Plus (200ml) x2, Meera (200ml) x1, AGR Cashews (250g) x1, MNR Kadaimuttai x2, Ferro Rocher (500g) x1
Total: ₹8,505.00
Payment: ONLINE
2026-07-25 08:39:26 | WhatsApp to 7904538655: 🛍️ New Order #0016 on SM Stores!
Customer: Siva Balaji
Items: Ferro Rocher (500g) x1
Total: ₹440.00
Payment: ONLINE
2026-07-25 09:00:02 | WhatsApp to 7904538655: 🛍️ New Order #0017 on SM Stores!
Customer: Siva Balaji
Items: Dairy Milk x2, Ferro Rocher (500g) x1, Head & Shoulders (200ml) x1, India Gate Seeraga Samba (5kg) x1, Cavin's Ghee (500ml) x1, Saaral Seeraga Samba (26kg) x1
Total: ₹3,965.00
Payment: ONLINE
2026-07-27 06:41:17 | WhatsApp to 7904538655: 🛍️ New Order #0018 on SM Stores!
Customer: Sharma
Items: KitKat x1, Manna Badam Mix x1, Horlicks (500g) x1, Boost (500g) x1, AGR Cashews (250g) x1, Ferro Rocher (500g) x3, Dairy Milk x3
Total: ₹2,525.00
Payment: ONLINE
